// Jest Snapshot v1, https://goo.gl/fbAQLP

exports[`Background Component captures snapshot 1`] = `
<div
  className="Background"
>
  <h1>
    Background
  </h1>
</div>
`;
