// Jest Snapshot v1, https://goo.gl/fbAQLP

exports[`Settings Page Component captures snapshot 1`] = `
<div>
  <h1>
    Settings
  </h1>
  <a
    href="/"
    onClick={[Function]}
  >
    Log Out
  </a>
  <div
    className="navbar-component navbarBottom"
  >
    <div
      className="container-fluid p-0"
    >
      <div
        className="row"
      >
        <div
          className="col-md-12 "
        >
          <ul
            className="nav nav-pills navbarBottom text-center"
          >
            <li
              className="nav-item ml-auto w-25"
            >
              <a
                className="nav-link no-hover"
                href="/Setting"
                onClick={[Function]}
              >
                <i
                  className="fa fa-cog fa-2x text-secondary d-inline"
                />
                Â 
              </a>
            </li>
            <li
              className="nav-item w-25"
            >
              <a
                className="nav-link no-hover"
                href="/HomePage"
                onClick={[Function]}
              >
                <i
                  className="fa fa-fw fa-car fa-2x d-inline text-secondary"
                />
              </a>
            </li>
            <li
              className="nav-item mr-auto text-secondary w-25"
            >
              <a
                className="nav-link no-hover"
                href="/ProfilePage/undefined"
                onClick={[Function]}
              >
                <i
                  className="fa fa-fw fa-2x fa-user d-inline text-secondary"
                />
              </a>
            </li>
          </ul>
        </div>
      </div>
    </div>
  </div>
</div>
`;
