// Jest Snapshot v1, https://goo.gl/fbAQLP

exports[`AlertsSettings Component captures snapshot 1`] = `
<div
  className="scroll-vert txt-white"
>
  Alerts Settings
</div>
`;
