// Jest Snapshot v1, https://goo.gl/fbAQLP

exports[`Profile Page Component captures snapshot 1`] = `null`;
