// Jest Snapshot v1, https://goo.gl/fbAQLP

exports[`Settings Page Component captures snapshot 1`] = `null`;
