// Jest Snapshot v1, https://goo.gl/fbAQLP

exports[`CarpoolInfoModal Component captures snapshot 1`] = `
<div
  className="col-8 txt-center"
>
  <button
    className="p-0 btn height-100p bg-trans txt-purple fw-bold brad-0 font-20px"
    onClick={[Function]}
  />
  <div
    className="modal"
    id="carpoolInfoModal"
    role="dialog"
    style={
      Object {
        "display": "none",
      }
    }
    tabIndex="-1"
  >
    <div
      className="modal-dialog"
      role="document"
    >
      <div
        className="modal-content"
      >
        <div
          className="modal-header bg-aqua"
        >
          <h5
            className="modal-title fw-bold"
          />
          <button
            aria-label="Close"
            className="close"
            onClick={[Function]}
            type="button"
          >
            <span
              aria-hidden="true"
            >
              Ã—
            </span>
          </button>
        </div>
        <div
          className="modal-body"
        >
          <div
            className="row bordbot-1px-dash-grey"
          >
            <h6
              className="fw-bold mx-auto"
            >
              Carpool Members
            </h6>
          </div>
          <div
            className="row padtop-10px m-0"
          >
            <button
              className="btn btn-primary mx-auto width-15rem brad-2rem bg-red txt-purple fw-bold"
              id="btnLeaveCarpool"
              onClick={[Function]}
            >
              Leave Carpool
            </button>
          </div>
        </div>
      </div>
    </div>
  </div>
  <div
    className="modal"
    id="carpoolInfoModal"
    role="dialog"
    style={
      Object {
        "display": "none",
      }
    }
    tabIndex="-1"
  >
    <div
      className="modal-dialog"
      role="document"
    >
      <div
        className="modal-content"
      >
        <div
          className="modal-header bg-aqua"
        >
          <h5
            className="modal-title fw-bold"
          />
        </div>
        <div
          className="modal-body"
        >
          <div
            className="row"
          >
            <h6
              className="fw-bold mx-auto"
            >
              Are you sure you want to leave this carpool?
            </h6>
          </div>
          <div
            className="row"
          >
            <button
              className="col-5 btn btn-primary mx-auto width-15rem brad-2rem mbottom-0 bg-aqua txt-purple fw-bold"
              id="btnYesCancel"
              onClick={[Function]}
              type="submit"
            >
              Yes
            </button>
            <button
              className="col-5 btn btn-primary mx-auto width-15rem brad-2rem mbottom-0 bg-aqua txt-purple fw-bold"
              id="btnNoCancel"
              onClick={[Function]}
              type="submit"
            >
              No
            </button>
          </div>
        </div>
      </div>
    </div>
  </div>
</div>
`;
