// Jest Snapshot v1, https://goo.gl/fbAQLP

exports[`VerificationDocuments Component captures snapshot 1`] = `
<div>
  <h1>
    LOADING
  </h1>
</div>
`;
